***********************************************
* GCTB 1.9                                    *
* Genome-wide Complex Trait Bayesian analysis *
* Author: Jian Zeng                           *
* MIT License                                 *
***********************************************

Analysis started: Fri Sep  7 15:01:05 2018

Options:

--bayes bayes
--bfile ../test/data/uk10k_chr1_1mb
--pheno ../test/data/test.phen

Reading PLINK FAM file from [../test/data/uk10k_chr1_1mb.fam].
3642 individuals to be included from [../test/data/uk10k_chr1_1mb.fam].
Reading phenotypes from [../test/data/test.phen].
Non-missing phenotypes of trait 1 of 3642 individuals are included from [../test/data/test.phen].
3642 matched individuals are kept.
3642 individuals assigned to processor dbc-serv02.vital-it.ch at rank 0.
Reading PLINK BIM file from [../test/data/uk10k_chr1_1mb.bim].
6717 SNPs to be included from [../test/data/uk10k_chr1_1mb.bim].
6717 SNPs on 1 chromosomes are included.
